// Jest Snapshot v1, https://goo.gl/fbAQLP

exports[` Testing over <AddCategory /> component  Should render properly 1`] = `
<form
  onSubmit={[Function]}
>
  <input
    onChange={[Function]}
    type="text"
    value="hello world!"
  />
</form>
`;
